// Jest Snapshot v1, https://goo.gl/fbAQLP

exports[`simple_service 1`] = `
"/**
 * **GENERATED CODE DO NOT EDIT!**
 */
import { Request, Response } from \\"express\\";
/*
 * TestInputType
 * An awesome input type
 * Change Log:
 * 0. Needs this for testing new type
 * 1. Need this for testing add field input
 */
/**

*
* @sealed
*/
class TestInputType_V0 {
  readonly version: number;
  readonly hash: string;

  constructor() {
    this.version = 0;
    this.hash =
      \\"a3ad8a8a6d0df732ef4eece7241c0f253b59ffe694f654f8def25b08d868d74a\\";
  }

  static deserialize(message: any): TestInputType_V0 {
    if (message.version === null || message.version === undefined) {
      throw new Error(\\"version not present: \\" + message);
    }
    return new TestInputType_V0();
  }

  static serialize(message: TestInputType_V0): string {
    if (message.version === null || message.version === undefined) {
      throw new Error(\\"version not present: \\" + message);
    }
    return JSON.stringify(message);
  }
}

export {
  TestInputType_V0,
  TestInputType_V0 as TestInputType_Ha3ad8a8a6d0df732ef4eece7241c0f253b59ffe694f654f8def25b08d868d74a
};

/**
 * @param a_field An awesome field on the input type
 *
 * @sealed
 */
class TestInputType_V1 {
  readonly version: number;
  readonly hash: string;
  readonly a_field: string;

  constructor(a_field: string) {
    this.version = 1;
    this.hash =
      \\"716a611faeb9d2ddaa02e37a5d187183ff4d388f47c740bb2202109b3e3c8fc0\\";
    this.a_field = a_field;
  }

  static deserialize(message: any): TestInputType_V1 {
    if (message.version === null || message.version === undefined) {
      throw new Error(\\"version not present: \\" + message);
    }
    return new TestInputType_V1(message.a_field);
  }

  static serialize(message: TestInputType_V1): string {
    if (message.version === null || message.version === undefined) {
      throw new Error(\\"version not present: \\" + message);
    }
    return JSON.stringify(message);
  }
}

export {
  TestInputType_V1,
  TestInputType_V1 as TestInputType_H716a611faeb9d2ddaa02e37a5d187183ff4d388f47c740bb2202109b3e3c8fc0
};

export class TestInputType {
  static deserialize(message: any): TestInputType_V0 | TestInputType_V1 {
    if (message.version === null || message.version === undefined) {
      throw new Error(\\"version not present: \\" + message);
    }
    switch (message.version) {
      case \\"TestInputType_V0\\":
      case \\"TestInputType_Ha3ad8a8a6d0df732ef4eece7241c0f253b59ffe694f654f8def25b08d868d74a\\":
        return new TestInputType_V0();

      case \\"TestInputType_V1\\":
      case \\"TestInputType_H716a611faeb9d2ddaa02e37a5d187183ff4d388f47c740bb2202109b3e3c8fc0\\":
        return new TestInputType_V1(message.a_field);

      default:
        throw new Error(
          \\"Unknown version error or version not present: \\" + message
        );
    }
  }

  static serialize(message: TestInputType_V0 | TestInputType_V1): string {
    if (message.version === null || message.version === undefined) {
      throw new Error(\\"version not present: \\" + message);
    }
    return JSON.stringify(message);
  }
}

/*
 * TestOutputType
 * An awesome output type
 * Change Log:
 * 0. Needs this for testing new output type
 * 1. Need this field for testing new output type
 */
/**

*
* @sealed
*/
class TestOutputType_V0 {
  readonly version: number;
  readonly hash: string;

  constructor() {
    this.version = 0;
    this.hash =
      \\"2eeed3cda6513d2557733ee19f52c10ab5114385b733468a9aff6c53ea6bf727\\";
  }

  static deserialize(message: any): TestOutputType_V0 {
    if (message.version === null || message.version === undefined) {
      throw new Error(\\"version not present: \\" + message);
    }
    return new TestOutputType_V0();
  }

  static serialize(message: TestOutputType_V0): string {
    if (message.version === null || message.version === undefined) {
      throw new Error(\\"version not present: \\" + message);
    }
    return JSON.stringify(message);
  }
}

export {
  TestOutputType_V0,
  TestOutputType_V0 as TestOutputType_H2eeed3cda6513d2557733ee19f52c10ab5114385b733468a9aff6c53ea6bf727
};

/**
 * @param a_field An awesome field on the output type
 *
 * @sealed
 */
class TestOutputType_V1 {
  readonly version: number;
  readonly hash: string;
  readonly a_field: string;

  constructor(a_field: string) {
    this.version = 1;
    this.hash =
      \\"c503f8a6a87dcd268e82e6cffa2e58db72866839a676faa2df84f470f889ae80\\";
    this.a_field = a_field;
  }

  static deserialize(message: any): TestOutputType_V1 {
    if (message.version === null || message.version === undefined) {
      throw new Error(\\"version not present: \\" + message);
    }
    return new TestOutputType_V1(message.a_field);
  }

  static serialize(message: TestOutputType_V1): string {
    if (message.version === null || message.version === undefined) {
      throw new Error(\\"version not present: \\" + message);
    }
    return JSON.stringify(message);
  }
}

export {
  TestOutputType_V1,
  TestOutputType_V1 as TestOutputType_Hc503f8a6a87dcd268e82e6cffa2e58db72866839a676faa2df84f470f889ae80
};

export class TestOutputType {
  static deserialize(message: any): TestOutputType_V0 | TestOutputType_V1 {
    if (message.version === null || message.version === undefined) {
      throw new Error(\\"version not present: \\" + message);
    }
    switch (message.version) {
      case \\"TestOutputType_V0\\":
      case \\"TestOutputType_H2eeed3cda6513d2557733ee19f52c10ab5114385b733468a9aff6c53ea6bf727\\":
        return new TestOutputType_V0();

      case \\"TestOutputType_V1\\":
      case \\"TestOutputType_Hc503f8a6a87dcd268e82e6cffa2e58db72866839a676faa2df84f470f889ae80\\":
        return new TestOutputType_V1(message.a_field);

      default:
        throw new Error(
          \\"Unknown version error or version not present: \\" + message
        );
    }
  }

  static serialize(message: TestOutputType_V0 | TestOutputType_V1): string {
    if (message.version === null || message.version === undefined) {
      throw new Error(\\"version not present: \\" + message);
    }
    return JSON.stringify(message);
  }
}
"
`;

exports[`simple_service 2`] = `
"/**
 * **GENERATED CODE DO NOT EDIT!**
 */
import { Request, Response } from \\"express\\";

/*
 * AwesomeService
 *
 * An awesome service
 */
import {
  TestOutputType_V1,
  TestOutputType,
  TestInputType_V1,
  TestInputType
} from \\"./types\\";

const AwesomeServiceDefinitions = new Map();

function AwesomeService(
  func: (input: TestInputType_V1) => TestOutputType_V1
): void {
  AwesomeServiceDefinitions.set(\\"TestInputType_V1\\", func);
}

function AwesomeServiceExpress(app: any): void {
  for (let inputVersion of [\\"TestInputType_V1\\"]) {
    if (!AwesomeServiceDefinitions.has(inputVersion)) {
      throw new Error(
        \\"Service definition required for input version: \\" + inputVersion
      );
    }
  }

  app.post(\\"/AwesomeService\\", (req: Request, res: Response) => {
    const body = req.body;
    switch (body[\\"type\\"] + \\"_\\" + body[\\"version\\"]) {
      case \\"TestInputType_V1\\":
        const inputMessage = TestInputType_V1.deserialize(body);
        const func = AwesomeServiceDefinitions.get(\\"TestInputType_V1\\");
        const response = func(inputMessage);
        const outputMessage = TestOutputType.serialize(response);
        res.json(outputMessage);
        return;
      default:
        throw new Error(\\"Unknown input type: \\" + body);
    }
  });
}

export {
  AwesomeService,
  AwesomeServiceExpress
  // <%= service.name %> as service,
  // serviceName
};
"
`;

exports[`simple_service 3`] = `"\\"{\\\\\\"version\\\\\\":1,\\\\\\"hash\\\\\\":\\\\\\"c503f8a6a87dcd268e82e6cffa2e58db72866839a676faa2df84f470f889ae80\\\\\\",\\\\\\"a_field\\\\\\":\\\\\\"hello world\\\\\\"}\\""`;
